// Jest Snapshot v1, https://goo.gl/fbAQLP

exports[`invalid argument 1`] = `"Expected a { tmp: number, hmd: number }, got undefined number"`;

exports[`invalid argument 2`] = `"Expected a { tmp: number, hmd: number }, got number string"`;

exports[`snapshot 1`] = `
Object {
  "swv": 29.080252344,
  "vp": 40.518038231,
  "vpd": 6.833859301,
}
`;

exports[`snapshot 2`] = `
Object {
  "swv": 28.765370453,
  "vp": 40.052795772,
  "vpd": 7.191342613,
}
`;

exports[`snapshot 3`] = `
Object {
  "swv": 9.410297414,
  "vp": 12.278920335,
  "vpd": 0.752823793,
}
`;
